BEGIN:VCALENDAR
VERSION:2.0
BEGIN:VEVENT
UID:94ab75add84a67c019eae57539658036
SUMMARY:Birthday
DTSTART:20180201T090000Z
DTEND:20180201T180000Z
DESCRIPTION:With balloons\, clowns and stuff\nBring a dog\, bring a frog
LOCATION:Party Lane 1A\, 1337 Funtown
END:VEVENT
END:VCALENDAR
