data:text/calendar;charset=utf8;base64,QkVHSU46VkNBTEVOREFSDQpWRVJTSU9OOjIuMA0KQkVHSU46VlRJTUVaT05FDQpUWklEOkV1cm9wZS9QYXJpcw0KWC1NSUNST1NPRlQtQ0RPLVRaSUQ6Mw0KQkVHSU46U1RBTkRBUkQNCkRUU1RBUlQ6MjAxNzAyMDVUMjMwMDAwDQpUWk9GRlNFVEZST006KzAxMDANClRaT0ZGU0VUVE86KzAxMDANClRaTkFNRTpDRVQNCkVORDpTVEFOREFSRA0KQkVHSU46U1RBTkRBUkQNCkRUU1RBUlQ6MjAxNzEwMjlUMDEwMDAwDQpUWk9GRlNFVEZST006KzAyMDANClRaT0ZGU0VUVE86KzAxMDANClRaTkFNRTpDRVQNCkVORDpTVEFOREFSRA0KQkVHSU46REFZTElHSFQNCkRUU1RBUlQ6MjAxNzAzMjZUMDEwMDAwDQpUWk9GRlNFVEZST006KzAxMDANClRaT0ZGU0VUVE86KzAyMDANClRaTkFNRTpDRVNUDQpFTkQ6REFZTElHSFQNCkJFR0lOOkRBWUxJR0hUDQpEVFNUQVJUOjIwMTgwMzI1VDAxMDAwMA0KVFpPRkZTRVRGUk9NOiswMTAwDQpUWk9GRlNFVFRPOiswMjAwDQpUWk5BTUU6Q0VTVA0KRU5EOkRBWUxJR0hUDQpFTkQ6VlRJTUVaT05FDQpCRUdJTjpWRVZFTlQNClVJRDo0NzA0OWE4OWIzNmI4OGQ3NjFkYThkNzU5MTExNjI4ZQ0KU1VNTUFSWTpCaXJ0aGRheSBpbiBQYXJpcw0KRFRTVEFSVDtUWklEPUV1cm9wZS9QYXJpczoyMDE4MDIwMVQwMDAwMDANCkRVUkFUSU9OOlAxRDoNCkRFU0NSSVBUSU9OOldpdGggYmFsbG9vbnNcLCBjbG93bnMgYW5kIHN0dWZmXG5CcmluZyBhIGRvZ1wsIGJyaW5nIGEgZnJvZw0KTE9DQVRJT046UGFydHkgTGFuZSAxQVwsIDEzMzcgRnVudG93bg0KRU5EOlZFVkVOVA0KRU5EOlZDQUxFTkRBUg0K