BEGIN:VCALENDAR
VERSION:2.0
BEGIN:VEVENT
UID:47e044bc36ced4538c62fc17c3ba087b
SUMMARY:Birthday
DTSTART:20180201T000000Z
DURATION:P5D:
DESCRIPTION:With balloons\, clowns and stuff\nBring a dog\, bring a frog
LOCATION:Party Lane 1A\, 1337 Funtown
END:VEVENT
END:VCALENDAR
