data:text/calendar;charset=utf8;base64,QkVHSU46VkNBTEVOREFSDQpWRVJTSU9OOjIuMA0KQkVHSU46VkVWRU5UDQpVSUQ6cmFuZG9tLXVpZA0KU1VNTUFSWTpCaXJ0aGRheQ0KRFRTVEFSVDoyMDE4MDIwMVQwOTAwMDBaDQpEVEVORDoyMDE4MDIwMVQxODAwMDBaDQpERVNDUklQVElPTjpXaXRoIGJhbGxvb25zXCwgY2xvd25zIGFuZCBzdHVmZlxuQnJpbmcgYSBkb2dcLCBicmluZyBhIGZyb2cNCkxPQ0FUSU9OOlBhcnR5IExhbmUgMUFcLCAxMzM3IEZ1bnRvd24NCkVORDpWRVZFTlQNCkVORDpWQ0FMRU5EQVINCg==