data:text/calendar;charset=utf8;base64,QkVHSU46VkNBTEVOREFSDQpWRVJTSU9OOjIuMA0KQkVHSU46VlRJTUVaT05FDQpUWklEOkV1cm9wZS9QYXJpcw0KWC1NSUNST1NPRlQtQ0RPLVRaSUQ6Mw0KQkVHSU46U1RBTkRBUkQNCkRUU1RBUlQ6MjAxNzAyMDZUMDgwMDAwDQpUWk9GRlNFVEZST006KzAxMDANClRaT0ZGU0VUVE86KzAxMDANClRaTkFNRTpDRVQNCkVORDpTVEFOREFSRA0KQkVHSU46U1RBTkRBUkQNCkRUU1RBUlQ6MjAxNzEwMjlUMDEwMDAwDQpUWk9GRlNFVEZST006KzAyMDANClRaT0ZGU0VUVE86KzAxMDANClRaTkFNRTpDRVQNCkVORDpTVEFOREFSRA0KQkVHSU46REFZTElHSFQNCkRUU1RBUlQ6MjAxNzAzMjZUMDEwMDAwDQpUWk9GRlNFVEZST006KzAxMDANClRaT0ZGU0VUVE86KzAyMDANClRaTkFNRTpDRVNUDQpFTkQ6REFZTElHSFQNCkJFR0lOOkRBWUxJR0hUDQpEVFNUQVJUOjIwMTgwMzI1VDAxMDAwMA0KVFpPRkZTRVRGUk9NOiswMTAwDQpUWk9GRlNFVFRPOiswMjAwDQpUWk5BTUU6Q0VTVA0KRU5EOkRBWUxJR0hUDQpFTkQ6VlRJTUVaT05FDQpCRUdJTjpWVElNRVpPTkUNClRaSUQ6QXNpYS9Ub2t5bw0KWC1NSUNST1NPRlQtQ0RPLVRaSUQ6MjANCkJFR0lOOlNUQU5EQVJEDQpEVFNUQVJUOjIwMTcwMjA2VDA4MDAwMA0KVFpPRkZTRVRGUk9NOiswOTAwDQpUWk9GRlNFVFRPOiswOTAwDQpUWk5BTUU6SlNUDQpFTkQ6U1RBTkRBUkQNCkVORDpWVElNRVpPTkUNCkJFR0lOOlZFVkVOVA0KVUlEOmRlNTNkMjgxNmE5NGVkMGM3OTM5MjcyYzYzNTIwZGMyDQpTVU1NQVJZOkZsaWdodCBmcm9tIFBhcmlzIHRvIFRva3lvDQpEVFNUQVJUO1RaSUQ9RXVyb3BlL1BhcmlzOjIwMTgwMjAxVDA5MDAwMA0KRFRFTkQ7VFpJRD1Bc2lhL1Rva3lvOjIwMTgwMjAxVDE4MDAwMA0KREVTQ1JJUFRJT046V2l0aCBiYWxsb29uc1wsIGNsb3ducyBhbmQgc3R1ZmZcbkJyaW5nIGEgZG9nXCwgYnJpbmcgYSBmcm9nDQpMT0NBVElPTjpQYXJ0eSBMYW5lIDFBXCwgMTMzNyBGdW50b3duDQpFTkQ6VkVWRU5UDQpFTkQ6VkNBTEVOREFSDQo=