BEGIN:VCALENDAR
VERSION:2.0
BEGIN:VEVENT
UID:2009a227b7dd438a285434127f67f267
SUMMARY:New Year
DTSTART:20191231T230000Z
DTEND:20200101T010000Z
DESCRIPTION:With balloons\, clowns and stuff\nBring a dog\, bring a frog
LOCATION:Party Lane 1A\, 1337 Funtown
END:VEVENT
END:VCALENDAR
