BEGIN:VCALENDAR
VERSION:2.0
BEGIN:VEVENT
UID:aaf6b0d9a2c43d4a1c803a8c80793a08
SUMMARY:Birthday
DTSTART:20180201T000000Z
DURATION:P1D:
DESCRIPTION:With balloons\, clowns and stuff\nBring a dog\, bring a frog
LOCATION:Party Lane 1A\, 1337 Funtown
END:VEVENT
END:VCALENDAR
